IMG_8436   3g       S5   f0= 18.120  prim=x  a1/n=   481.9  tile= 135.0  9.1s
IMG_8437   3g       S5   f0= 18.120  prim=x  a1/n=   577.3  tile= 159.0  9.5s
IMG_8438   3g       S5   f0= 18.120  prim=x  a1/n=   635.8  tile= 110.0  9.6s
IMG_8439   3g       S5   f0= 18.120  prim=x  a1/n=   638.4  tile= 159.0  9.9s
IMG_8440   3g       S5   f0= 18.000  prim=x  a1/n=   459.3  tile= 110.0  9.7s
IMG_8441   3g       S5   f0= 18.120  prim=x  a1/n=   501.9  tile= 110.0  9.8s
IMG_8442   3g       S5   f0= 18.120  prim=x  a1/n=   529.2  tile=  87.0  10.1s
IMG_8443   3g       S5   f0= 18.120  prim=x  a1/n=   449.1  tile= 110.0  10.2s
IMG_8390   normal   S1   f0= 18.960  prim=x  a1/n=    33.3  tile=  94.0  9.9s
IMG_8391   normal   S1   f0= 18.840  prim=x  a1/n=    29.4  tile=  44.0  9.8s
IMG_8392   normal   S1   f0= 18.840  prim=x  a1/n=    28.5  tile=  94.0  9.9s
IMG_8393   normal   S1   f0= 18.960  prim=x  a1/n=    30.7  tile=  45.0  9.5s
IMG_8394   normal   S1   f0= 19.080  prim=x  a1/n=    36.1  tile=  43.0  9.7s
IMG_8395   normal   S1   f0= 19.080  prim=x  a1/n=    40.8  tile=  44.0  9.5s
IMG_8396   normal   S1   f0= 18.960  prim=x  a1/n=    39.3  tile=  44.0  9.6s
IMG_8397   normal   S1   f0= 18.960  prim=x  a1/n=    50.3  tile=  44.0  9.6s
IMG_8398   normal   S1   f0= 18.960  prim=x  a1/n=    32.4  tile=  44.0  9.2s
IMG_8399   normal   S1   f0= 18.960  prim=x  a1/n=    38.4  tile=  44.0  9.1s
IMG_8400   normal   S1   f0= 18.960  prim=x  a1/n=    54.0  tile=  44.0  9.1s
IMG_8401   normal   S1   f0= 18.960  prim=x  a1/n=    37.3  tile=  94.0  9.1s
IMG_8402   normal   S1   f0= 19.080  prim=y  a1/n=    14.2  tile=  44.0  9.3s
IMG_8403   normal   S1   f0= 18.960  prim=x  a1/n=    57.7  tile=  94.0  9.1s
IMG_8404   normal   S1   f0= 19.080  prim=x  a1/n=    38.2  tile=  94.0  9.1s
IMG_8405   normal   S1   f0= 19.080  prim=y  a1/n=    10.8  tile=  43.0  8.9s
IMG_8406   normal   S1   f0= 19.080  prim=y  a1/n=    17.9  tile=  44.0  8.9s
IMG_8407   normal   S1   f0= 19.080  prim=x  a1/n=    63.5  tile=  43.0  8.9s
IMG_8408   normal   S1   f0= 19.080  prim=y  a1/n=    20.0  tile=  94.0  9.1s
IMG_8409   normal   S1   f0= 18.960  prim=x  a1/n=    44.1  tile=  94.0  9.3s
IMG_8410   normal   S1   f0= 19.080  prim=y  a1/n=    14.6  tile=  43.0  8.9s
IMG_8411   normal   S1   f0= 18.960  prim=y  a1/n=    11.3  tile=  45.0  9.0s
IMG_8412   normal   S1   f0= 19.080  prim=y  a1/n=    14.9  tile=  44.0  9.2s
IMG_8413   normal   S1   f0= 19.080  prim=x  a1/n=    39.6  tile=  44.0  9.2s
IMG_8414   normal   S1   f0= 19.080  prim=x  a1/n=    38.4  tile=  44.0  8.9s
IMG_8415   normal   S1   f0= 19.080  prim=x  a1/n=    36.5  tile=  44.0  8.9s
IMG_8418   normal   S3   f0= 19.080  prim=x  a1/n=    39.3  tile=  44.0  8.9s
IMG_8419   normal   S4   f0= 19.080  prim=x  a1/n=    48.0  tile=  44.0  8.9s
IMG_8420   normal   S4   f0= 19.080  prim=x  a1/n=    38.8  tile=  44.0  9.2s
IMG_8421   normal   S4   f0= 19.080  prim=y  a1/n=    10.4  tile=  44.0  8.9s
IMG_8422   normal   S4   f0= 19.080  prim=x  a1/n=    39.1  tile=  43.0  8.9s
IMG_8423   normal   S4   f0= 19.080  prim=x  a1/n=    43.1  tile=  44.0  9.0s
IMG_8424   normal   S3   f0= 19.080  prim=x  a1/n=    41.0  tile=  43.0  9.4s
IMG_8425   normal   S3   f0= 19.080  prim=x  a1/n=    40.6  tile=  43.0  8.9s
IMG_8426   normal   S3   f0= 18.960  prim=x  a1/n=    39.1  tile=  44.0  8.9s
IMG_8427   normal   S2   f0= 19.080  prim=x  a1/n=    38.4  tile=  44.0  8.7s
IMG_8428   normal   S2   f0= 19.080  prim=x  a1/n=    42.9  tile=  44.0  8.9s
IMG_8429   normal   S2   f0= 19.080  prim=x  a1/n=    39.3  tile=  44.0  9.0s
IMG_8431   normal   S2   f0= 18.960  prim=x  a1/n=    35.9  tile=  44.0  8.8s
IMG_8432   normal   S2   f0= 18.960  prim=x  a1/n=    34.5  tile=  43.0  9.1s
IMG_8444   under3g  S6   f0= 19.080  prim=x  a1/n=   117.3  tile= 119.0  9.0s
IMG_8445   under3g  S6   f0= 18.960  prim=x  a1/n=    64.5  tile=  92.0  9.1s
IMG_8446   under3g  S6   f0= 18.840  prim=x  a1/n=    86.7  tile= 119.0  9.0s
IMG_8447   under3g  S6   f0= 18.960  prim=x  a1/n=    78.9  tile=  92.0  7.5s
IMG_8448   under3g  S6   f0= 18.840  prim=x  a1/n=    80.9  tile=  92.0  6.3s
IMG_8449   under3g  S6   f0= 18.840  prim=x  a1/n=    78.4  tile= 118.0  6.2s
IMG_8450   under3g  S6   f0= 18.840  prim=x  a1/n=    80.2  tile=  92.0  6.1s
IMG_8451   under3g  S6   f0= 18.960  prim=x  a1/n=    50.4  tile=  93.0  6.1s
IMG_8453   under3g  S6   f0= 18.480  prim=x  a1/n=   185.1  tile=  50.0  6.0s
IMG_8454   under3g  S6   f0= 18.600  prim=x  a1/n=   177.0  tile=  50.0  6.0s
IMG_8455   under3g  S6   f0= 18.600  prim=x  a1/n=   149.2  tile=  50.0  5.9s
IMG_8456   under3g  S6   f0= 18.600  prim=x  a1/n=   146.2  tile=  51.0  5.9s
IMG_8457   under3g  S6   f0= 18.600  prim=x  a1/n=   150.2  tile=  51.0  5.9s
IMG_8458   under3g  S6   f0= 18.480  prim=x  a1/n=   179.7  tile=  50.0  6.0s
IMG_8459   under3g  S6   f0= 18.600  prim=x  a1/n=   188.9  tile=  50.0  5.9s
IMG_8460   under3g  S6   f0= 18.480  prim=x  a1/n=   172.6  tile=  50.0  6.2s

wrote C:\Users\more_\Downloads\Arise\ironpulse\h4\tracks.npz
wrote C:\Users\more_\Downloads\Arise\ironpulse\h4\tracks_meta.csv 64 clips
