============================================================================================
เกณฑ์ตรวจรับ H5 · http://127.0.0.1:8765
============================================================================================
 1. คลิปเดิมรันสองครั้ง คะแนนเท่ากันทุกหลัก              PASS
      0.649007114055 เทียบ 0.649007114055
================================================================================================
A. pipeline equivalence: web analyse_one vs h4 features.npz
================================================================================================
  IMG_8390    normal   f0 18.9600 vs 18.9600   max |diff| over 39 features = 0.000e+00   MATCH
  IMG_8436    3g       f0 18.1200 vs 18.1200   max |diff| over 39 features = 0.000e+00   MATCH
  IMG_8444    under3g  f0 19.0800 vs 19.0800   max |diff| over 39 features = 0.000e+00   MATCH

  worst absolute difference across 3 clips: 0.000e+00

================================================================================================
B. detector equivalence: web baseline.build vs h4 fold S2 seed 42
================================================================================================
  train 35 clips, feature set primary, 13 features, axis d_machine_x
  threshold web 0.5822678967   h4 0.5822679000   diff 3.287e-09

  clip        group         web score       h4 score         diff
  IMG_8427    normal       0.40598408     0.40598408     2.91e-09
  IMG_8428    normal       0.40804138     0.40804138     3.25e-10
  IMG_8429    normal       0.41553411     0.41553411     3.94e-09
  IMG_8431    normal       0.45853773     0.45853773     2.65e-09
  IMG_8432    normal       0.41726748     0.41726748     2.35e-09
  IMG_8436    3g           0.64429545     0.64429545     1.65e-09
  IMG_8437    3g           0.63370541     0.63370541     1.94e-09
  IMG_8438    3g           0.63615147     0.63615147     3.18e-09
  IMG_8439    3g           0.64689925     0.64689925     1.86e-10
  IMG_8440    3g           0.64078567     0.64078567     4.06e-09
  IMG_8441    3g           0.64871752     0.64871752     2.18e-09
  IMG_8442    3g           0.64871269     0.64871269     4.17e-09
  ... 29 clips compared in total

  worst absolute score difference: 4.977e-09

================================================================================================
  raw_scores.csv keeps 8 decimals, so the comparison tolerance is 5e-09
M1 acceptance: PASS
================================================================================================
 2. คะแนนตรงกับ raw_scores.csv ของ H4                    PASS
      รายละเอียดอยู่ในผลของ h4/verify_webapp.py ด้านบน
 3. ไม่มี CDN หรือทรัพยากรภายนอกในทุกหน้า                PASS
      ไฟล์ที่อ้างภายนอก: ไม่มี
 4. กรอก fs ผิดเป็น 30 ต้องขึ้นคำเตือน                   PASS
      metadata ของไฟล์บอก 30.0 fps แต่ระบบใช้ค่าที่วัดจริง 240.0 fps ในการคำนวณทั้งหมด (ไฟล์สโลว์โมชั่นจาก iPhone บอ
 5. ไฟล์ที่ไม่ใช่วิดีโอ ได้ข้อความไทย ไม่ใช่ traceback   PASS
      ไฟล์นี้ไม่ใช่ไฟล์วิดีโอที่รองรับ นามสกุลที่รับคือ .mov, .mp4, .m4v, .avi, .mkv
 6. เลือกเครื่องที่ยังไม่มี baseline ต้องบอกให้ไปสอบเทียบก่อน PASS
      เครื่อง เครื่องเปล่าทดสอบ ยังไม่มี baseline ให้ไปหน้าสอบเทียบเครื่องใหม่ แล้วอัปโหลดคลิปสภาวะปกติอย่างน้อย 20 
 7. ประวัติถูกบันทึกลง SQLite และอ่านกลับได้             PASS
      มี 16 แถวในประวัติของเครื่องนี้
 8. เพิ่มไฟล์ใน data/demo แล้วปุ่มขึ้นเองโดยไม่ต้องแก้โค้ด PASS
      5 -> 6 ไฟล์
 9. คลิป 2000 เฟรมเสร็จภายใน 12 วินาที และรายงานเวลาจริง PASS
      ใช้เวลา 7.49 วินาที · 2000 เฟรม
10. คลิปที่ A1 ต่ำกว่า 1.5 เท่าของพื้นการวัด ต้องขึ้นคำเตือน PASS
      unbal_floor_IMG_8447.MOV · A1 22.2 µm < 1.5 x 19.5 µm · ขึ้นคำเตือนแล้ว

============================================================================================
ผ่าน 10 จาก 10 ข้อ
============================================================================================
