==========================================================================================
คัดลอกคลิปสาธิตไปที่ C:\Users\more_\Downloads\Arise\ironpulse\data/demo
==========================================================================================
  normal_IMG_8431.MOV          <- IMG_8431 (normal)
  normal_IMG_8432.MOV          <- IMG_8432 (normal)
  unbal3g_IMG_8436.MOV         <- IMG_8436 (3g)
  unbal_low_IMG_8444.MOV       <- IMG_8444 (under3g)
  คลิปปกติสองไฟล์นี้ถูกกันออกจาก baseline จึงเป็นคลิปที่โมเดลไม่เคยเห็น

สร้างเครื่อง พัดลมตั้งพื้น H4 (id 1)

==========================================================================================
สร้าง baseline จากคลิปปกติ 38 คลิป ผ่านเส้นทางเดียวกับเว็บแอป
==========================================================================================
   1/38 IMG_8390    f0 18.960 Hz  6.8s
   2/38 IMG_8391    f0 18.840 Hz  6.9s
   3/38 IMG_8392    f0 18.840 Hz  6.9s
   4/38 IMG_8393    f0 18.960 Hz  7.0s
   5/38 IMG_8394    f0 19.080 Hz  7.0s
   6/38 IMG_8395    f0 19.080 Hz  6.9s
   7/38 IMG_8396    f0 18.960 Hz  6.9s
   8/38 IMG_8397    f0 18.960 Hz  7.0s
   9/38 IMG_8398    f0 18.960 Hz  9.4s
  10/38 IMG_8399    f0 18.960 Hz  9.3s
  11/38 IMG_8400    f0 18.960 Hz  9.4s
  12/38 IMG_8401    f0 18.960 Hz  6.9s
  13/38 IMG_8402    f0 19.080 Hz  6.9s
  14/38 IMG_8403    f0 18.960 Hz  6.9s
  15/38 IMG_8404    f0 19.080 Hz  7.0s
  16/38 IMG_8405    f0 19.080 Hz  6.9s
  17/38 IMG_8406    f0 19.080 Hz  7.0s
  18/38 IMG_8407    f0 19.080 Hz  7.1s
  19/38 IMG_8408    f0 19.080 Hz  7.0s
  20/38 IMG_8409    f0 18.960 Hz  7.0s
  21/38 IMG_8410    f0 19.080 Hz  7.0s
  22/38 IMG_8411    f0 18.960 Hz  7.0s
  23/38 IMG_8412    f0 19.080 Hz  7.0s
  24/38 IMG_8413    f0 19.080 Hz  7.1s
  25/38 IMG_8414    f0 19.080 Hz  7.0s
  26/38 IMG_8415    f0 19.080 Hz  6.9s
  27/38 IMG_8418    f0 19.080 Hz  20.1s
  28/38 IMG_8419    f0 19.080 Hz  7.0s
  29/38 IMG_8420    f0 19.080 Hz  6.9s
  30/38 IMG_8421    f0 19.080 Hz  7.6s
  31/38 IMG_8422    f0 19.080 Hz  7.3s
  32/38 IMG_8423    f0 19.080 Hz  7.0s
  33/38 IMG_8424    f0 19.080 Hz  7.0s
  34/38 IMG_8425    f0 19.080 Hz  7.1s
  35/38 IMG_8426    f0 18.960 Hz  7.0s
  36/38 IMG_8427    f0 19.080 Hz  7.1s
  37/38 IMG_8428    f0 19.080 Hz  6.9s
  38/38 IMG_8429    f0 19.080 Hz  7.0s

baseline id 1 · 38 คลิป · isolation_forest · ชุด feature primary (13 ตัว) · แกน d_machine_x
f0 19.0800 Hz · เกณฑ์ 0.586886 · รอบการถ่าย ['S1', 'S2', 'S3', 'S4']
  ! คลิปปกติ 26 จาก 38 คลิปมาจากรอบการถ่ายเดียว ควรกระจายให้ใกล้เคียงกันทุกรอบ อย่างน้อย 5 รอบ รอบละประมาณ 7 คลิป
