================================================================================================
z-score rule check on the pilot2 clips
================================================================================================
baseline = 3 normal clips (config min_baseline_clips = 20)
z threshold k = 3.0 sd, std floor = 1% of the mean
this is a smoke test of the rule mechanics, not a validated threshold

================================================================================================
signal d_machine_x
================================================================================================
normal_01   normal    kurt=+1.1  crest=-1.0  r2=-1.0  harm=-0.8
            เกณฑ์ z >= 3.0 sd ของ baseline
            ไม่เข้ากฎใดเลย (0/13 feature เกินเกณฑ์)
            ข้ามกฎ การอุดตันทางไหลหรือใบพัดเสียหาย เพราะ feature ที่ต้องใช้ยังไม่ได้วัด

normal_02   normal    E_1x=+1.2  r1=+1.2  E_sub=-1.1  r3=+1.1
            เกณฑ์ z >= 3.0 sd ของ baseline
            ไม่เข้ากฎใดเลย (0/13 feature เกินเกณฑ์)
            ข้ามกฎ การอุดตันทางไหลหรือใบพัดเสียหาย เพราะ feature ที่ต้องใช้ยังไม่ได้วัด

normal_03   normal    E_hi=-1.2  r05=+1.1  E_mid=-1.0  crest=+1.0
            เกณฑ์ z >= 3.0 sd ของ baseline
            ไม่เข้ากฎใดเลย (0/13 feature เกินเกณฑ์)
            ข้ามกฎ การอุดตันทางไหลหรือใบพัดเสียหาย เพราะ feature ที่ต้องใช้ยังไม่ได้วัด

unbal_01    unbal     r1=+13.8  r05=-8.7  E_1x=+5.3  E_sub=-4.4
            เกณฑ์ z >= 3.0 sd ของ baseline
            ความไม่สมดุลของมวลหมุน : z(r1) = +13.77 · สูงสุดในกลุ่ม order · รองลงมา z(r2) = +4.15
            ข้ามกฎ การอุดตันทางไหลหรือใบพัดเสียหาย เพราะ feature ที่ต้องใช้ยังไม่ได้วัด

unbal_02    unbal     r1=+13.7  r05=-10.8  r2=+5.4  E_1x=+5.3
            เกณฑ์ z >= 3.0 sd ของ baseline
            ความไม่สมดุลของมวลหมุน : z(r1) = +13.66 · สูงสุดในกลุ่ม order · รองลงมา z(r2) = +5.39
            ข้ามกฎ การอุดตันทางไหลหรือใบพัดเสียหาย เพราะ feature ที่ต้องใช้ยังไม่ได้วัด

unbal_03    unbal     r05=-11.8  r1=+11.8  E_1x=+5.3  r2=+4.6
            เกณฑ์ z >= 3.0 sd ของ baseline
            ความไม่สมดุลของมวลหมุน : z(r1) = +11.75 · สูงสุดในกลุ่ม order · รองลงมา z(r2) = +4.63
            ข้ามกฎ การอุดตันทางไหลหรือใบพัดเสียหาย เพราะ feature ที่ต้องใช้ยังไม่ได้วัด

================================================================================================
signal d_machine_y
================================================================================================
normal_01   normal    harm=+1.1  r1=-1.0  r3=+0.9  E_1x=-0.9
            เกณฑ์ z >= 3.0 sd ของ baseline
            ไม่เข้ากฎใดเลย (0/13 feature เกินเกณฑ์)
            ข้ามกฎ การอุดตันทางไหลหรือใบพัดเสียหาย เพราะ feature ที่ต้องใช้ยังไม่ได้วัด

normal_02   normal    kurt=-1.1  r05=-1.1  E_sub=-1.1  E_hi=+1.0
            เกณฑ์ z >= 3.0 sd ของ baseline
            ไม่เข้ากฎใดเลย (0/13 feature เกินเกณฑ์)
            ข้ามกฎ การอุดตันทางไหลหรือใบพัดเสียหาย เพราะ feature ที่ต้องใช้ยังไม่ได้วัด

normal_03   normal    r2=-1.1  E_mid=-1.1  centroid=-1.1  E_1x=+1.1
            เกณฑ์ z >= 3.0 sd ของ baseline
            ไม่เข้ากฎใดเลย (0/13 feature เกินเกณฑ์)
            ข้ามกฎ การอุดตันทางไหลหรือใบพัดเสียหาย เพราะ feature ที่ต้องใช้ยังไม่ได้วัด

unbal_01    unbal     E_1x=+48.1  r1=+21.4  E_sub=-16.6  r3=-9.6
            เกณฑ์ z >= 3.0 sd ของ baseline
            ความไม่สมดุลของมวลหมุน : z(r1) = +21.39 · สูงสุดในกลุ่ม order · รองลงมา z(r2) = -0.42
            ข้ามกฎ การอุดตันทางไหลหรือใบพัดเสียหาย เพราะ feature ที่ต้องใช้ยังไม่ได้วัด

unbal_02    unbal     E_1x=+48.1  r1=+21.7  E_sub=-16.6  r3=-9.8
            เกณฑ์ z >= 3.0 sd ของ baseline
            ความไม่สมดุลของมวลหมุน : z(r1) = +21.68 · สูงสุดในกลุ่ม order · รองลงมา z(r2) = -0.27
            ข้ามกฎ การอุดตันทางไหลหรือใบพัดเสียหาย เพราะ feature ที่ต้องใช้ยังไม่ได้วัด

unbal_03    unbal     E_1x=+48.1  r1=+20.9  E_sub=-16.6  r3=-10.0
            เกณฑ์ z >= 3.0 sd ของ baseline
            ความไม่สมดุลของมวลหมุน : z(r1) = +20.90 · สูงสุดในกลุ่ม order · รองลงมา z(r2) = +0.49
            ข้ามกฎ การอุดตันทางไหลหรือใบพัดเสียหาย เพราะ feature ที่ต้องใช้ยังไม่ได้วัด

