
################ E1 baseline ################
2026-08-20T06:12:51+07:00
=== cwru_48k : 56 files
  acceleration  AUC=0.9997 +/- 0.0007  PR=1.0000  F1=0.9839  FAR=0.4932  (1737 win, 5s)
  displacement  AUC=0.7497 +/- 0.0625  PR=0.9740  F1=0.4096  FAR=0.0068  (1737 win, 15s)
=== mafaulda : 1951 files
  acceleration  AUC=0.9064 +/- 0.0140  PR=0.9973  F1=0.7827  FAR=0.0200  (33167 win, 303s)
  displacement  AUC=0.8195 +/- 0.0689  PR=0.9936  F1=0.4247  FAR=0.0175  (33167 win, 171s)
wrote C:\Users\more_\Downloads\Arise\research\results/tables\e1_baseline_overall.csv 4 rows
wrote C:\Users\more_\Downloads\Arise\research\results/tables\e1_baseline_per_label.csv 24 rows

E1 GATE (CWRU acceleration, full rate): AUC=0.9997  -> PASS
---- finished E1 baseline

################ E2 sampling rate ################
2026-08-20T06:21:09+07:00
cwru_48k displacement: built 22 conditions in 56s
  fs=   48000 ideal   AUC=0.7497 +/- 0.0625
  fs=    4000 ideal   AUC=0.7496 +/- 0.0624
  fs=    2000 ideal   AUC=0.7496 +/- 0.0624
  fs=    1000 ideal   AUC=0.7487 +/- 0.0630
  fs=     480 ideal   AUC=0.7495 +/- 0.0664
  fs=     240 ideal   AUC=0.7579 +/- 0.0616
  fs=     120 ideal   AUC=0.7267 +/- 0.0528
  fs=      60 ideal   AUC=0.5970 +/- 0.0470
  fs=    4000 naive   AUC=0.7494 +/- 0.0622
  fs=    2000 naive   AUC=0.7496 +/- 0.0629
  fs=    1000 naive   AUC=0.7330 +/- 0.0828
  fs=     480 naive   AUC=0.6946 +/- 0.0908
  fs=     240 naive   AUC=0.6469 +/- 0.2366
  fs=     120 naive   AUC=0.7331 +/- 0.0834
  fs=      60 naive   AUC=0.6114 +/- 0.0735
  fs=    4000 boxcar  AUC=0.7496 +/- 0.0627
  fs=    2000 boxcar  AUC=0.7490 +/- 0.0622
  fs=    1000 boxcar  AUC=0.7481 +/- 0.0641
  fs=     480 boxcar  AUC=0.7386 +/- 0.0564
  fs=     240 boxcar  AUC=0.6922 +/- 0.2168
  fs=     120 boxcar  AUC=0.7236 +/- 0.0511
  fs=      60 boxcar  AUC=0.6214 +/- 0.0671
MAFAULDA files: 1951
mafaulda displacement: built 22 conditions in 1081s
  fs=   48000 ideal   AUC=0.8195 +/- 0.0689
  fs=    4000 ideal   AUC=0.8321 +/- 0.0547
  fs=    2000 ideal   AUC=0.8182 +/- 0.0698
  fs=    1000 ideal   AUC=0.8292 +/- 0.0573
  fs=     480 ideal   AUC=0.7691 +/- 0.0914
  fs=     240 ideal   AUC=0.6946 +/- 0.0692
  fs=     120 ideal   AUC=0.7139 +/- 0.0856
  fs=      60 ideal   AUC=0.6139 +/- 0.0361
  fs=    4000 naive   AUC=0.8195 +/- 0.0689
  fs=    2000 naive   AUC=0.8196 +/- 0.0689
  fs=    1000 naive   AUC=0.8195 +/- 0.0691
  fs=     480 naive   AUC=0.7736 +/- 0.0776
  fs=     240 naive   AUC=0.6973 +/- 0.0708
  fs=     120 naive   AUC=0.6921 +/- 0.0787
  fs=      60 naive   AUC=0.6486 +/- 0.0350
  fs=    4000 boxcar  AUC=0.8195 +/- 0.0689
  fs=    2000 boxcar  AUC=0.8191 +/- 0.0690
  fs=    1000 boxcar  AUC=0.8269 +/- 0.0600
  fs=     480 boxcar  AUC=0.7735 +/- 0.0699
  fs=     240 boxcar  AUC=0.7147 +/- 0.0593
  fs=     120 boxcar  AUC=0.7030 +/- 0.0760
  fs=      60 boxcar  AUC=0.6528 +/- 0.0317
wrote C:\Users\more_\Downloads\Arise\research\results/tables\e2_sampling_rate_overall.csv 44 rows
wrote C:\Users\more_\Downloads\Arise\research\results/tables\e2_sampling_rate_per_label.csv 264 rows
---- finished E2 sampling rate

################ E2b speed band ################
2026-08-20T06:40:20+07:00
MAFAULDA files: 1951
--- fs=48000 ideal
  ideal     f0 10-20 Hz  med= 16.2  max_order=1482.87  AUC=0.5772  (n=5610)
  ideal     f0 20-30 Hz  med= 25.1  max_order=957.20  AUC=0.8356  (n=7378)
  ideal     f0 30-40 Hz  med= 35.2  max_order=682.22  AUC=0.8710  (n=6987)
  ideal     f0 40-50 Hz  med= 44.9  max_order=534.44  AUC=0.8303  (n=6936)
  ideal     f0 50-65 Hz  med= 55.2  max_order=435.12  AUC=0.9486  (n=6256)
--- fs=480 boxcar
  boxcar    f0 10-20 Hz  med= 16.2  max_order=14.83  AUC=0.5098  (n=5610)
  boxcar    f0 20-30 Hz  med= 25.1  max_order= 9.57  AUC=0.8385  (n=7378)
  boxcar    f0 30-40 Hz  med= 35.2  max_order= 6.82  AUC=0.8463  (n=6987)
  boxcar    f0 40-50 Hz  med= 44.9  max_order= 5.34  AUC=0.7749  (n=6936)
  boxcar    f0 50-65 Hz  med= 55.2  max_order= 4.35  AUC=0.8630  (n=6256)
--- fs=240 boxcar
  boxcar    f0 10-20 Hz  med= 16.2  max_order= 7.41  AUC=0.5706  (n=5610)
  boxcar    f0 20-30 Hz  med= 25.1  max_order= 4.79  AUC=0.7523  (n=7378)
  boxcar    f0 30-40 Hz  med= 35.2  max_order= 3.41  AUC=0.6456  (n=6987)
  boxcar    f0 40-50 Hz  med= 44.9  max_order= 2.67  AUC=0.8006  (n=6936)
  boxcar    f0 50-65 Hz  med= 55.2  max_order= 2.18  AUC=0.8089  (n=6256)
--- fs=120 boxcar
  boxcar    f0 10-20 Hz  med= 16.2  max_order= 3.71  AUC=0.4410  (n=5610)
  boxcar    f0 20-30 Hz  med= 25.1  max_order= 2.39  AUC=0.7040  (n=7378)
  boxcar    f0 30-40 Hz  med= 35.2  max_order= 1.71  AUC=0.7921  (n=6987)
  boxcar    f0 40-50 Hz  med= 44.9  max_order= 1.34  AUC=0.8361  (n=6936)
  boxcar    f0 50-65 Hz  med= 55.2  max_order= 1.09  AUC=0.7525  (n=6256)
wrote C:\Users\more_\Downloads\Arise\research\results/tables\e2b_speed_band.csv 20 rows
---- finished E2b speed band

################ E7 resolution ################
2026-08-20T06:45:42+07:00
=== cwru_48k 56 files
  quant=None    (   0.00 um) AUC=0.6922 +/- 0.2168  dead=0.000  med_rms=0.03172 px
  quant=0.005   (   1.72 um) AUC=0.6293 +/- 0.0649  dead=0.000  med_rms=0.03172 px
  quant=0.01    (   3.45 um) AUC=0.5804 +/- 0.0522  dead=0.000  med_rms=0.03180 px
  quant=0.05    (  17.24 um) AUC=0.5415 +/- 0.0294  dead=0.000  med_rms=0.03533 px
  quant=0.1     (  34.48 um) AUC=0.4957 +/- 0.0249  dead=0.118  med_rms=0.03290 px
=== mafaulda 1951 files
  quant=None    (   0.00 um) AUC=0.7147 +/- 0.0593  dead=0.000  med_rms=0.28549 px
  quant=0.005   (   1.72 um) AUC=0.7090 +/- 0.0549  dead=0.000  med_rms=0.28552 px
  quant=0.01    (   3.45 um) AUC=0.7006 +/- 0.0704  dead=0.000  med_rms=0.28548 px
  quant=0.05    (  17.24 um) AUC=0.7233 +/- 0.0541  dead=0.000  med_rms=0.28600 px
  quant=0.1     (  34.48 um) AUC=0.7292 +/- 0.0371  dead=0.000  med_rms=0.28678 px
wrote C:\Users\more_\Downloads\Arise\research\results/tables\e7_resolution_overall.csv 10 rows
wrote C:\Users\more_\Downloads\Arise\research\results/tables\e7_resolution_per_label.csv 60 rows
---- finished E7 resolution

################ E5 transfer ################
2026-08-20T06:50:08+07:00
=== MAFAULDA cross-speed
  order     train_low_test_high    AUC=0.7980  PR=0.9924  FAR=0.0165
  order     train_high_test_low    AUC=0.4364  PR=0.9714  FAR=0.5735
  order     same_speed_reference   AUC=0.7382  PR=0.9900  FAR=0.0108
  hz_fixed  train_low_test_high    AUC=0.6688  PR=0.9893  FAR=1.0000
  hz_fixed  train_high_test_low    AUC=0.5119  PR=0.9799  FAR=0.5123
  hz_fixed  same_speed_reference   AUC=0.6907  PR=0.9894  FAR=0.0108
=== CWRU cross-load
  order     train_low_test_high    AUC=0.7328  PR=0.9594  FAR=0.0549
  order     train_high_test_low    AUC=0.5392  PR=0.9730  FAR=0.4595
  order     same_speed_reference   AUC=0.7809  PR=0.9782  FAR=0.0156
  hz_fixed  train_low_test_high    AUC=0.4132  PR=0.8854  FAR=0.9451
  hz_fixed  train_high_test_low    AUC=0.6244  PR=0.9771  FAR=0.1622
  hz_fixed  same_speed_reference   AUC=0.7327  PR=0.9718  FAR=0.0156
=== cross-machine
  cross-machine order     AUC=0.5037  FAR=0.1797
