
################ E5 transfer ################
2026-08-20T07:40:20+07:00
=== MAFAULDA cross-speed
  order     train_low_test_high    AUC=0.7980  PR=0.9924  FAR=0.0165
  order     train_high_test_low    AUC=0.4364  PR=0.9714  FAR=0.5735
  order     same_speed_reference   AUC=0.7382  PR=0.9900  FAR=0.0108
  hz_fixed  train_low_test_high    AUC=0.6688  PR=0.9893  FAR=1.0000
  hz_fixed  train_high_test_low    AUC=0.5119  PR=0.9799  FAR=0.5123
  hz_fixed  same_speed_reference   AUC=0.6907  PR=0.9894  FAR=0.0108
=== CWRU cross-load
  order     train_low_test_high    AUC=0.7328  PR=0.9594  FAR=0.0549
  order     train_high_test_low    AUC=0.5392  PR=0.9730  FAR=0.4595
  order     same_speed_reference   AUC=0.7809  PR=0.9782  FAR=0.0156
  hz_fixed  train_low_test_high    AUC=0.4132  PR=0.8854  FAR=0.9451
  hz_fixed  train_high_test_low    AUC=0.6244  PR=0.9771  FAR=0.1622
  hz_fixed  same_speed_reference   AUC=0.7327  PR=0.9718  FAR=0.0156
=== cross-machine
  cross-machine order     AUC=0.5037  FAR=0.1797
  cross-machine hz_fixed  AUC=0.4537  FAR=0.0000
wrote C:\Users\more_\Downloads\Arise\research\results/tables\e5_transfer.csv 14 rows
---- finished E5 transfer

################ E3 detectors ################
2026-08-20T07:50:17+07:00
=== cwru_48k 56 files
  mahalanobis        AUC=0.6922 +/- 0.2168  PR=0.9639  F1=0.5002  FAR=0.1149  (0.2s)
  isolation_forest   AUC=0.6919 +/- 0.1661  PR=0.9626  F1=0.1776  FAR=0.0135  (2.2s)
  ocsvm              AUC=0.7722 +/- 0.1605  PR=0.9759  F1=0.8704  FAR=0.2965  (0.2s)
  pca_recon          AUC=0.7876 +/- 0.0864  PR=0.9790  F1=0.5586  FAR=0.0767  (0.1s)
=== mafaulda 1951 files
  mahalanobis        AUC=0.7147 +/- 0.0593  PR=0.9885  F1=0.1061  FAR=0.0212  (0.6s)
  isolation_forest   AUC=0.7598 +/- 0.0643  PR=0.9908  F1=0.0841  FAR=0.0248  (4.1s)
  ocsvm              AUC=0.7854 +/- 0.0332  PR=0.9926  F1=0.6774  FAR=0.0914  (0.8s)
  pca_recon          AUC=0.7059 +/- 0.0634  PR=0.9872  F1=0.1842  FAR=0.0620  (0.6s)
wrote C:\Users\more_\Downloads\Arise\research\results/tables\e3_detectors_overall.csv 8 rows
wrote C:\Users\more_\Downloads\Arise\research\results/tables\e3_detectors_per_label.csv 48 rows
---- finished E3 detectors

################ E4 features ################
2026-08-20T07:52:35+07:00
=== cwru_48k 56 files
  drop bands    AUC=0.7133 (delta +0.0211)
  drop blade    AUC=0.6922 (delta +0.0000)
  drop orders   AUC=0.7111 (delta +0.0189)
  drop shape    AUC=0.6672 (delta -0.0250)
  drop time     AUC=0.7093 (delta +0.0171)
C:\Users\more_\AppData\Local\Packages\PythonSoftwareFoundation.Python.3.11_qbz5n2kfra8p0\LocalCache\local-packages\Python311\site-packages\sklearn\decomposition\_pca.py:646: RuntimeWarning: invalid value encountered in divide
  explained_variance_ratio_ = explained_variance_ / total_var
C:\Users\more_\AppData\Local\Packages\PythonSoftwareFoundation.Python.3.11_qbz5n2kfra8p0\LocalCache\local-packages\Python311\site-packages\sklearn\decomposition\_pca.py:646: RuntimeWarning: invalid value encountered in divide
  explained_variance_ratio_ = explained_variance_ / total_var
C:\Users\more_\AppData\Local\Packages\PythonSoftwareFoundation.Python.3.11_qbz5n2kfra8p0\LocalCache\local-packages\Python311\site-packages\sklearn\decomposition\_pca.py:646: RuntimeWarning: invalid value encountered in divide
  explained_variance_ratio_ = explained_variance_ / total_var
C:\Users\more_\AppData\Local\Packages\PythonSoftwareFoundation.Python.3.11_qbz5n2kfra8p0\LocalCache\local-packages\Python311\site-packages\sklearn\decomposition\_pca.py:646: RuntimeWarning: invalid value encountered in divide
  explained_variance_ratio_ = explained_variance_ / total_var
  all=0.6922  raw_only=0.7053  both=0.8513
=== mafaulda 1951 files
  drop bands    AUC=0.7038 (delta -0.0110)
  drop blade    AUC=0.7147 (delta +0.0000)
  drop orders   AUC=0.7535 (delta +0.0388)
  drop shape    AUC=0.6879 (delta -0.0268)
  drop time     AUC=0.6879 (delta -0.0269)
C:\Users\more_\AppData\Local\Packages\PythonSoftwareFoundation.Python.3.11_qbz5n2kfra8p0\LocalCache\local-packages\Python311\site-packages\sklearn\decomposition\_pca.py:646: RuntimeWarning: invalid value encountered in divide
  explained_variance_ratio_ = explained_variance_ / total_var
C:\Users\more_\AppData\Local\Packages\PythonSoftwareFoundation.Python.3.11_qbz5n2kfra8p0\LocalCache\local-packages\Python311\site-packages\sklearn\decomposition\_pca.py:646: RuntimeWarning: invalid value encountered in divide
  explained_variance_ratio_ = explained_variance_ / total_var
C:\Users\more_\AppData\Local\Packages\PythonSoftwareFoundation.Python.3.11_qbz5n2kfra8p0\LocalCache\local-packages\Python311\site-packages\sklearn\decomposition\_pca.py:646: RuntimeWarning: invalid value encountered in divide
  explained_variance_ratio_ = explained_variance_ / total_var
C:\Users\more_\AppData\Local\Packages\PythonSoftwareFoundation.Python.3.11_qbz5n2kfra8p0\LocalCache\local-packages\Python311\site-packages\sklearn\decomposition\_pca.py:646: RuntimeWarning: invalid value encountered in divide
  explained_variance_ratio_ = explained_variance_ / total_var
C:\Users\more_\AppData\Local\Packages\PythonSoftwareFoundation.Python.3.11_qbz5n2kfra8p0\LocalCache\local-packages\Python311\site-packages\sklearn\decomposition\_pca.py:646: RuntimeWarning: invalid value encountered in divide
  explained_variance_ratio_ = explained_variance_ / total_var
  all=0.7147  raw_only=0.7598  both=0.7656
wrote C:\Users\more_\Downloads\Arise\research\results/tables\e4_features.csv 26 rows
---- finished E4 features

################ E6 noise ################
2026-08-20T07:54:55+07:00
=== cwru_48k 56 files
  none   snr=None AUC=0.6922 +/- 0.2168
  white  snr=30   AUC=0.5957 +/- 0.0330
  white  snr=20   AUC=0.5340 +/- 0.0316
  white  snr=10   AUC=0.5548 +/- 0.0414
  white  snr=5    AUC=0.5320 +/- 0.0408
  white  snr=0    AUC=0.4798 +/- 0.0492
  shake  snr=30   AUC=0.6946 +/- 0.2154
  shake  snr=20   AUC=0.6679 +/- 0.2136
  shake  snr=10   AUC=0.6714 +/- 0.2218
  shake  snr=5    AUC=0.6701 +/- 0.2335
  shake  snr=0    AUC=0.6827 +/- 0.1957
=== mafaulda 1951 files
  none   snr=None AUC=0.7147 +/- 0.0593
  white  snr=30   AUC=0.7127 +/- 0.0743
  white  snr=20   AUC=0.7473 +/- 0.0601
  white  snr=10   AUC=0.7408 +/- 0.0417
  white  snr=5    AUC=0.7060 +/- 0.0524
  white  snr=0    AUC=0.7019 +/- 0.0509
  shake  snr=30   AUC=0.7141 +/- 0.0590
  shake  snr=20   AUC=0.7131 +/- 0.0638
  shake  snr=10   AUC=0.7202 +/- 0.0648
  shake  snr=5    AUC=0.7062 +/- 0.0585
  shake  snr=0    AUC=0.6866 +/- 0.0634
wrote C:\Users\more_\Downloads\Arise\research\results/tables\e6_noise_overall.csv 22 rows
wrote C:\Users\more_\Downloads\Arise\research\results/tables\e6_noise_per_label.csv 132 rows
---- finished E6 noise

################ E8 trend ################
2026-08-20T08:09:39+07:00
  2nd_test  accel_full         dimensionless                alarm=89.5    failure=163.5 h  LEAD=74.0 h
  2nd_test  accel_full         dimensionless_plus_amplitude alarm=88.83   failure=163.5 h  LEAD=74.67 h
  2nd_test  disp_full_48kHz    dimensionless                alarm=        failure=163.5 h  LEAD= h
  2nd_test  disp_full_48kHz    dimensionless_plus_amplitude alarm=161.33  failure=163.5 h  LEAD=2.17 h
  2nd_test  disp_240Hz_ideal   dimensionless                alarm=        failure=163.5 h  LEAD= h
  2nd_test  disp_240Hz_ideal   dimensionless_plus_amplitude alarm=161.33  failure=163.5 h  LEAD=2.17 h
  2nd_test  disp_240Hz_boxcar  dimensionless                alarm=        failure=163.5 h  LEAD= h
  2nd_test  disp_240Hz_boxcar  dimensionless_plus_amplitude alarm=161.33  failure=163.5 h  LEAD=2.17 h
  2nd_test  disp_240Hz_naive   dimensionless                alarm=        failure=163.5 h  LEAD= h
  2nd_test  disp_240Hz_naive   dimensionless_plus_amplitude alarm=161.33  failure=163.5 h  LEAD=2.17 h
  3rd_test  accel_full         dimensionless                alarm=1023.42 failure=1073.1 h  LEAD=49.67 h
  3rd_test  accel_full         dimensionless_plus_amplitude alarm=1014.09 failure=1073.1 h  LEAD=59.0 h
  3rd_test  disp_full_48kHz    dimensionless                alarm=        failure=1073.1 h  LEAD= h
  3rd_test  disp_full_48kHz    dimensionless_plus_amplitude alarm=1070.09 failure=1073.1 h  LEAD=3.0 h
  3rd_test  disp_240Hz_ideal   dimensionless                alarm=        failure=1073.1 h  LEAD= h
  3rd_test  disp_240Hz_ideal   dimensionless_plus_amplitude alarm=1064.75 failure=1073.1 h  LEAD=8.33 h
  3rd_test  disp_240Hz_boxcar  dimensionless                alarm=        failure=1073.1 h  LEAD= h
  3rd_test  disp_240Hz_boxcar  dimensionless_plus_amplitude alarm=1068.09 failure=1073.1 h  LEAD=5.0 h
  3rd_test  disp_240Hz_naive   dimensionless                alarm=        failure=1073.1 h  LEAD= h
  3rd_test  disp_240Hz_naive   dimensionless_plus_amplitude alarm=1068.42 failure=1073.1 h  LEAD=4.67 h
wrote C:\Users\more_\Downloads\Arise\research\results/tables\e8_trend_summary.csv 20 rows
wrote C:\Users\more_\Downloads\Arise\research\results/tables\e8_trend_series.csv 41440 rows
wrote C:\Users\more_\Downloads\Arise\research\results/tables\e8_amplitude_series.csv 20720 rows
---- finished E8 trend

################ spectra figures ################
2026-08-20T08:19:50+07:00
figure -> C:\Users\more_\Downloads\Arise\research\results/figures\fig_spectra_speed_story.png
figure -> C:\Users\more_\Downloads\Arise\research\results/figures\fig_spectra_fault_types.png
figure -> C:\Users\more_\Downloads\Arise\research\results/figures\fig_spectra_cwru.png
spectra done
---- finished spectra figures

################ figures ################
2026-08-20T08:20:04+07:00
figure -> C:\Users\more_\Downloads\Arise\research\results/figures\fig_e2_sampling_rate_mafaulda.png
figure -> C:\Users\more_\Downloads\Arise\research\results/figures\fig_e2_per_fault_mafaulda.png
figure -> C:\Users\more_\Downloads\Arise\research\results/figures\fig_e2_sampling_rate_cwru_48k.png
figure -> C:\Users\more_\Downloads\Arise\research\results/figures\fig_e2_per_fault_cwru_48k.png
figure -> C:\Users\more_\Downloads\Arise\research\results/figures\fig_e1_domain.png
figure -> C:\Users\more_\Downloads\Arise\research\results/figures\fig_e2b_speed_band.png
figure -> C:\Users\more_\Downloads\Arise\research\results/figures\fig_e2c_exposure_cwru_48k.png
figure -> C:\Users\more_\Downloads\Arise\research\results/figures\fig_e2c_exposure_mafaulda.png
figure -> C:\Users\more_\Downloads\Arise\research\results/figures\fig_e3_detectors.png
figure -> C:\Users\more_\Downloads\Arise\research\results/figures\fig_e4_features_cwru_48k.png
figure -> C:\Users\more_\Downloads\Arise\research\results/figures\fig_e4_features_mafaulda.png
figure -> C:\Users\more_\Downloads\Arise\research\results/figures\fig_e5_transfer.png
figure -> C:\Users\more_\Downloads\Arise\research\results/figures\fig_e6_noise_cwru_48k.png
figure -> C:\Users\more_\Downloads\Arise\research\results/figures\fig_e6_noise_mafaulda.png
figure -> C:\Users\more_\Downloads\Arise\research\results/figures\fig_e7_resolution.png
figure -> C:\Users\more_\Downloads\Arise\research\results/figures\fig_e8_trend_2nd_test.png
figure -> C:\Users\more_\Downloads\Arise\research\results/figures\fig_e8_trend_3rd_test.png
figure -> C:\Users\more_\Downloads\Arise\research\results/figures\fig_scale_context.png
figures done
---- finished figures

################ summary ################
2026-08-20T08:20:22+07:00
{
  "E1": {
    "cwru_48k": {
      "acceleration": {
        "auc": 0.9996742367833209,
        "sd": 0.000651526433358196,
        "pr": 0.9999825611939053,
        "f1": 0.9838565810612357,
        "far": 0.49324324324324326,
        "n_windows": 1737,
        "n_files": 56,
        "folds": 4
      },
      "displacement": {
        "auc": 0.749683926518258,
        "sd": 0.06254164793514733,
        "pr": 0.9740211540004486,
        "f1": 0.40960998130150394,
        "far": 0.006756756756756757,
        "n_windows": 1737,
        "n_files": 56,
        "folds": 4
      },
      "domain_cost_abs": 0.25,
      "domain_cost_pct": 25.0
    },
    "mafaulda": {
      "acceleration": {
        "auc": 0.9064414105552503,
        "sd": 0.014038809966344948,
        "pr": 0.997264093176282,
        "f1": 0.7826743800535819,
        "far": 0.02,
        "n_windows": 33167,
        "n_files": 1951,
        "folds": 5
      },
      "displacement": {
        "auc": 0.8195325750082431,
        "sd": 0.0688735898328484,
        "pr": 0.9936351544804694,
        "f1": 0.42470653304280515,
        "far": 0.017516339869281045,
        "n_windows": 33167,
        "n_files": 1951,
        "folds": 5
      },
      "domain_cost_abs": 0.0869,
      "domain_cost_pct": 9.6
    }
  },
  "E1_per_label": {
    "cwru_48k": {
      "acceleration": {
        "ball": 0.9986,
        "inner_race": 1.0,
        "outer_race": 1.0
      },
      "displacement": {
        "ball": 0.7157,
        "inner_race": 0.7451,
        "outer_race": 0.7653
      }
    },
    "mafaulda": {
      "acceleration": {
        "horizontal_misalignment": 0.7221,
        "imbalance": 0.9523,
        "overhang_ball_fault": 0.977,
        "overhang_cage_fault": 0.9732,
        "overhang_outer_race": 0.9565,
        "underhang_ball_fault": 0.9885,
        "underhang_cage_fault": 0.9637,
        "underhang_outer_race": 0.9741,
        "vertical_misalignment": 0.7433
      },
      "displacement": {
        "horizontal_misalignment": 0.6217,
        "imbalance": 0.8894,
        "overhang_ball_fault": 0.9802,
        "overhang_cage_fault": 0.8737,
        "overhang_outer_race": 0.9035,
        "underhang_ball_fault": 0.8676,
        "underhang_cage_fault": 0.8075,
        "underhang_outer_race": 0.8121,
        "vertical_misalignment": 0.6947
      }
    }
  },
  "E2": {
    "cwru_48k": {
      "full_reference": 0.7497,
      "by_mode": {
        "ideal": {
          "curve": {
            "4000": {
              "auc": 0.7496,
              "sd": 0.0624
            },
            "2000": {
              "auc": 0.7496,
              "sd": 0.0624
            },
            "1000": {
              "auc": 0.7487,
              "sd": 0.063
            },
            "480": {
              "auc": 0.7495,
              "sd": 0.0664
            },
            "240": {
              "auc": 0.7579,
              "sd": 0.0616
            },
            "120": {
              "auc": 0.7267,
              "sd": 0.0528
            },
            "60": {
              "auc": 0.597,
              "sd": 0.047
            }
          },
          "at_240": 0.7579,
          "at_240_sd": 0.0616,
          "drop_from_full_abs": -0.0082,
          "drop_from_full_pct": -1.1
        },
        "naive": {
          "curve": {
            "4000": {
              "auc": 0.7494,
              "sd": 0.0622
            },
            "2000": {
              "auc": 0.7496,
              "sd": 0.0629
            },
            "1000": {
              "auc": 0.733,
              "sd": 0.0828
            },
            "480": {
              "auc": 0.6946,
              "sd": 0.0908
            },
            "240": {
              "auc": 0.6469,
              "sd": 0.2366
            },
            "120": {
              "auc": 0.7331,
              "sd": 0.0834
            },
            "60": {
              "auc": 0.6114,
              "sd": 0.0735
            }
          },
          "at_240": 0.6469,
          "at_240_sd": 0.2366,
          "drop_from_full_abs": 0.1028,
          "drop_from_full_pct": 13.7
        },
        "boxcar": {
          "curve": {
            "4000": {
              "auc": 0.7496,
              "sd": 0.0627
            },
            "2000": {
              "auc": 0.749,
              "sd": 0.0622
            },
            "1000": {
              "auc": 0.7481,
              "sd": 0.0641
            },
            "480": {
              "auc": 0.7386,
              "sd": 0.0564
            },
            "240": {
              "auc": 0.6922,
              "sd": 0.2168
            },
            "120": {
              "auc": 0.7236,
              "sd": 0.0511
            },
            "60": {
              "auc": 0.6214,
              "sd": 0.0671
            }
          },
          "at_240": 0.6922,
          "at_240_sd": 0.2168,
          "drop_from_full_abs": 0.0575,
          "drop_from_full_pct": 7.7
        }
      }
    },
    "mafaulda": {
      "full_reference": 0.8195,
      "by_mode": {
        "ideal": {
          "curve": {
            "4000": {
              "auc": 0.8321,
              "sd": 0.0547
            },
            "2000": {
              "auc": 0.8182,
              "sd": 0.0698
            },
            "1000": {
              "auc": 0.8292,
              "sd": 0.0573
            },
            "480": {
              "auc": 0.7691,
              "sd": 0.0914
            },
            "240": {
              "auc": 0.6946,
              "sd": 0.0692
            },
            "120": {
              "auc": 0.7139,
              "sd": 0.0856
            },
            "60": {
              "auc": 0.6139,
              "sd": 0.0361
            }
          },
          "at_240": 0.6946,
          "at_240_sd": 0.0692,
          "drop_from_full_abs": 0.1249,
          "drop_from_full_pct": 15.2
        },
        "naive": {
          "curve": {
            "4000": {
              "auc": 0.8195,
              "sd": 0.0689
            },
            "2000": {
              "auc": 0.8196,
              "sd": 0.0689
            },
            "1000": {
              "auc": 0.8195,
              "sd": 0.0691
            },
            "480": {
              "auc": 0.7736,
              "sd": 0.0776
            },
            "240": {
              "auc": 0.6973,
              "sd": 0.0708
            },
            "120": {
              "auc": 0.6921,
              "sd": 0.0787
            },
            "60": {
              "auc": 0.6486,
              "sd": 0.035
            }
          },
          "at_240": 0.6973,
          "at_240_sd": 0.0708,
          "drop_from_full_abs": 0.1222,
          "drop_from_full_pct": 14.9
        },
        "boxcar": {
          "curve": {
            "4000": {
              "auc": 0.8195,
              "sd": 0.0689
            },
            "2000": {
              "auc": 0.8191,
              "sd": 0.069
            },
            "1000": {
              "auc": 0.8269,
              "sd": 0.06
            },
            "480": {
              "auc": 0.7735,
              "sd": 0.0699
            },
            "240": {
              "auc": 0.7147,
              "sd": 0.0593
            },
            "120": {
              "auc": 0.703,
              "sd": 0.076
            },
            "60": {
              "auc": 0.6528,
              "sd": 0.0317
            }
          },
          "at_240": 0.7147,
          "at_240_sd": 0.0593,
          "drop_from_full_abs": 0.1048,
          "drop_from_full_pct": 12.8
        }
      }
    }
  },
  "E2_per_label_240_boxcar": {
    "cwru_48k": {
      "ball": 0.6478,
      "inner_race": 0.6633,
      "outer_race": 0.7228
    },
    "mafaulda": {
      "horizontal_misalignment": 0.5063,
      "imbalance": 0.8211,
      "overhang_ball_fault": 0.8773,
      "overhang_cage_fault": 0.7889,
      "overhang_outer_race": 0.8886,
      "underhang_ball_fault": 0.6529,
      "underhang_cage_fault": 0.7068,
      "underhang_outer_race": 0.6985,
      "vertical_misalignment": 0.5575
    }
  },
  "E2_per_label_full": {
    "cwru_48k": {
      "ball": 0.7157,
      "inner_race": 0.7451,
      "outer_race": 0.7653
    },
    "mafaulda": {
      "horizontal_misalignment": 0.6217,
      "imbalance": 0.8894,
      "overhang_ball_fault": 0.9802,
      "overhang_cage_fault": 0.8737,
      "overhang_outer_race": 0.9035,
      "underhang_ball_fault": 0.8676,
      "underhang_cage_fault": 0.8075,
      "underhang_outer_race": 0.8121,
      "vertical_misalignment": 0.6947
    }
  },
  "E2b_speed_band": {
    "120": [
      {
        "band": "10-20 Hz",
        "median_f0": 16.18,
        "max_order": 3.71,
        "auc": 0.441,
        "n": 5610
      },
      {
        "band": "20-30 Hz",
        "median_f0": 25.07,
        "max_order": 2.39,
        "auc": 0.704,
        "n": 7378
      },
      {
        "band": "30-40 Hz",
        "median_f0": 35.18,
        "max_order": 1.71,
        "auc": 0.7921,
        "n": 6987
      },
      {
        "band": "40-50 Hz",
        "median_f0": 44.91,
        "max_order": 1.34,
        "auc": 0.8361,
        "n": 6936
      },
      {
        "band": "50-65 Hz",
        "median_f0": 55.16,
        "max_order": 1.09,
        "auc": 0.7525,
        "n": 6256
      }
    ],
    "240": [
      {
        "band": "10-20 Hz",
        "median_f0": 16.18,
        "max_order": 7.41,
        "auc": 0.5706,
        "n": 5610
      },
      {
        "band": "20-30 Hz",
        "median_f0": 25.07,
        "max_order": 4.79,
        "auc": 0.7523,
        "n": 7378
      },
      {
        "band": "30-40 Hz",
        "median_f0": 35.18,
        "max_order": 3.41,
        "auc": 0.6456,
        "n": 6987
      },
      {
        "band": "40-50 Hz",
        "median_f0": 44.91,
        "max_order": 2.67,
        "auc": 0.8006,
        "n": 6936
      },
      {
        "band": "50-65 Hz",
        "median_f0": 55.16,
        "max_order": 2.18,
        "auc": 0.8089,
        "n": 6256
      }
    ],
    "480": [
      {
        "band": "10-20 Hz",
        "median_f0": 16.18,
        "max_order": 14.83,
        "auc": 0.5098,
        "n": 5610
      },
      {
        "band": "20-30 Hz",
        "median_f0": 25.07,
        "max_order": 9.57,
        "auc": 0.8385,
        "n": 7378
      },
      {
        "band": "30-40 Hz",
        "median_f0": 35.18,
        "max_order": 6.82,
        "auc": 0.8463,
        "n": 6987
      },
      {
        "band": "40-50 Hz",
        "median_f0": 44.91,
        "max_order": 5.34,
        "auc": 0.7749,
        "n": 6936
      },
      {
        "band": "50-65 Hz",
        "median_f0": 55.16,
        "max_order": 4.35,
        "auc": 0.863,
        "n": 6256
      }
    ],
    "48000": [
      {
        "band": "10-20 Hz",
        "median_f0": 16.18,
        "max_order": 1482.87,
        "auc": 0.5772,
        "n": 5610
      },
      {
        "band": "20-30 Hz",
        "median_f0": 25.07,
        "max_order": 957.2,
        "auc": 0.8356,
        "n": 7378
      },
      {
        "band": "30-40 Hz",
        "median_f0": 35.18,
        "max_order": 682.22,
        "auc": 0.871,
        "n": 6987
      },
      {
        "band": "40-50 Hz",
        "median_f0": 44.91,
        "max_order": 534.44,
        "auc": 0.8303,
        "n": 6936
      },
      {
        "band": "50-65 Hz",
        "median_f0": 55.16,
        "max_order": 435.12,
        "auc": 0.9486,
        "n": 6256
      }
    ]
  },
  "E3": {
    "cwru_48k": {
      "mahalanobis": {
        "auc": 0.6922,
        "sd": 0.2168,
        "f1": 0.5002,
        "far": 0.1149,
        "seconds": 0.19
      },
      "isolation_forest": {
        "auc": 0.6919,
        "sd": 0.1661,
        "f1": 0.1776,
        "far": 0.0135,
        "seconds": 2.16
      },
      "ocsvm": {
        "auc": 0.7722,
        "sd": 0.1605,
        "f1": 0.8704,
        "far": 0.2965,
        "seconds": 0.2
      },
      "pca_recon": {
        "auc": 0.7876,
        "sd": 0.0864,
        "f1": 0.5586,
        "far": 0.0767,
        "seconds": 0.11
      }
    },
    "mafaulda": {
      "mahalanobis": {
        "auc": 0.7147,
        "sd": 0.0593,
        "f1": 0.1061,
        "far": 0.0212,
        "seconds": 0.57
      },
      "isolation_forest": {
        "auc": 0.7598,
        "sd": 0.0643,
        "f1": 0.0841,
        "far": 0.0248,
        "seconds": 4.08
      },
      "ocsvm": {
        "auc": 0.7854,
        "sd": 0.0332,
        "f1": 0.6774,
        "far": 0.0914,
        "seconds": 0.78
      },
      "pca_recon": {
        "auc": 0.7059,
        "sd": 0.0634,
        "f1": 0.1842,
        "far": 0.062,
        "seconds": 0.58
      }
    }
  },
  "E4": {
    "cwru_48k": {
      "all_dimensionless": {
        "auc": 0.6922,
        "n_features": 13,
        "delta": NaN
      },
      "drop_bands": {
        "auc": 0.7133,
        "n_features": 9,
        "delta": NaN
      },
      "drop_blade": {
        "auc": 0.6922,
        "n_features": 12,
        "delta": NaN
      },
      "drop_orders": {
        "auc": 0.7111,
        "n_features": 9,
        "delta": NaN
      },
      "drop_shape": {
        "auc": 0.6672,
        "n_features": 11,
        "delta": NaN
      },
      "drop_time": {
        "auc": 0.7093,
        "n_features": 11,
        "delta": NaN
      },
      "only_bands": {
        "auc": 0.7121,
        "n_features": 4,
        "delta": NaN
      },
      "only_blade": {
        "auc": 0.5,
        "n_features": 1,
        "delta": NaN
      },
      "only_orders": {
        "auc": 0.7255,
        "n_features": 4,
        "delta": NaN
      },
      "only_shape": {
        "auc": 0.6997,
        "n_features": 2,
        "delta": NaN
      },
      "only_time": {
        "auc": 0.4384,
        "n_features": 2,
        "delta": NaN
      },
      "raw_units_only": {
        "auc": 0.7053,
        "n_features": 8,
        "delta": NaN
      },
      "dimensionless_plus_raw": {
        "auc": 0.8513,
        "n_features": 21,
        "delta": NaN
      }
    },
    "mafaulda": {
      "all_dimensionless": {
        "auc": 0.7147,
        "n_features": 13,
        "delta": NaN
      },
      "drop_bands": {
        "auc": 0.7038,
        "n_features": 9,
        "delta": NaN
      },
      "drop_blade": {
        "auc": 0.7147,
        "n_features": 12,
        "delta": NaN
      },
      "drop_orders": {
        "auc": 0.7535,
        "n_features": 9,
        "delta": NaN
      },
      "drop_shape": {
        "auc": 0.6879,
        "n_features": 11,
        "delta": NaN
      },
      "drop_time": {
        "auc": 0.6879,
        "n_features": 11,
        "delta": NaN
      },
      "only_bands": {
        "auc": 0.7487,
        "n_features": 4,
        "delta": NaN
      },
      "only_blade": {
        "auc": 0.5,
        "n_features": 1,
        "delta": NaN
      },
      "only_orders": {
        "auc": 0.5992,
        "n_features": 4,
        "delta": NaN
      },
      "only_shape": {
        "auc": 0.75,
        "n_features": 2,
        "delta": NaN
      },
      "only_time": {
        "auc": 0.6761,
        "n_features": 2,
        "delta": NaN
      },
      "raw_units_only": {
        "auc": 0.7598,
        "n_features": 8,
        "delta": NaN
      },
      "dimensionless_plus_raw": {
        "auc": 0.7656,
        "n_features": 21,
        "delta": NaN
      }
    }
  },
  "E5": {
    "mafaulda": {
      "train_low_test_high": {
        "order": {
          "auc": 0.798,
          "far": 0.0165,
          "n_train": 408
        },
        "hz_fixed": {
          "auc": 0.6688,
          "far": 1.0,
          "n_train": 408
        }
      },
      "train_high_test_low": {
        "order": {
          "auc": 0.4364,
          "far": 0.5735,
          "n_train": 425
        },
        "hz_fixed": {
          "auc": 0.5119,
          "far": 0.5123,
          "n_train": 425
        }
      },
      "same_speed_reference": {
        "order": {
          "auc": 0.7382,
          "far": 0.0108,
          "n_train": 833
        },
        "hz_fixed": {
          "auc": 0.6907,
          "far": 0.0108,
          "n_train": 833
        }
      }
    },
    "cwru_48k": {
      "train_low_test_high": {
        "order": {
          "auc": 0.7328,
          "far": 0.0549,
          "n_train": 37
        },
        "hz_fixed": {
          "auc": 0.4132,
          "far": 0.9451,
          "n_train": 37
        }
      },
      "train_high_test_low": {
        "order": {
          "auc": 0.5392,
          "far": 0.4595,
          "n_train": 91
        },
        "hz_fixed": {
          "auc": 0.6244,
          "far": 0.1622,
          "n_train": 91
        }
      },
      "same_speed_reference": {
        "order": {
          "auc": 0.7809,
          "far": 0.0156,
          "n_train": 128
        },
        "hz_fixed": {
          "auc": 0.7327,
          "far": 0.0156,
          "n_train": 128
        }
      }
    },
    "train_mafaulda_test_cwru": {
      "cross_machine": {
        "order": {
          "auc": 0.5037,
          "far": 0.1797,
          "n_train": 833
        },
        "hz_fixed": {
          "auc": 0.4537,
          "far": 0.0,
          "n_train": 833
        }
      }
    }
  },
  "E6": {
    "cwru_48k": {
      "clean": 0.6922,
      "white": {
        "30": 0.5957,
        "20": 0.534,
        "10": 0.5548,
        "5": 0.532,
        "0": 0.4798
      },
      "shake": {
        "30": 0.6946,
        "20": 0.6679,
        "10": 0.6714,
        "5": 0.6701,
        "0": 0.6827
      }
    },
    "mafaulda": {
      "clean": 0.7147,
      "white": {
        "30": 0.7127,
        "20": 0.7473,
        "10": 0.7408,
        "5": 0.706,
        "0": 0.7019
      },
      "shake": {
        "30": 0.7141,
        "20": 0.7131,
        "10": 0.7202,
        "5": 0.7062,
        "0": 0.6866
      }
    }
  },
  "E7": {
    "cwru_48k": {
      "no_quantisation": 0.6922,
      "median_rms_px": 0.031717,
      "steps": {
        "0.005": {
          "auc": 0.6293,
          "sd": 0.0649,
          "um": 1.724,
          "dead_frac": 0.0,
          "retained_pct": 90.9
        },
        "0.01": {
          "auc": 0.5804,
          "sd": 0.0522,
          "um": 3.448,
          "dead_frac": 0.0,
          "retained_pct": 83.8
        },
        "0.05": {
          "auc": 0.5415,
          "sd": 0.0294,
          "um": 17.241,
          "dead_frac": 0.0,
          "retained_pct": 78.2
        },
        "0.1": {
          "auc": 0.4957,
          "sd": 0.0249,
          "um": 34.483,
          "dead_frac": 0.118,
          "retained_pct": 71.6
        }
      }
    },
    "mafaulda": {
      "no_quantisation": 0.7147,
      "median_rms_px": 0.28549,
      "steps": {
        "0.005": {
          "auc": 0.709,
          "sd": 0.0549,
          "um": 1.724,
          "dead_frac": 0.0,
          "retained_pct": 99.2
        },
        "0.01": {
          "auc": 0.7006,
          "sd": 0.0704,
          "um": 3.448,
          "dead_frac": 0.0,
          "retained_pct": 98.0
        },
        "0.05": {
          "auc": 0.7233,
          "sd": 0.0541,
          "um": 17.241,
          "dead_frac": 0.0,
          "retained_pct": 101.2
        },
        "0.1": {
          "auc": 0.7292,
          "sd": 0.0371,
          "um": 34.483,
          "dead_frac": 0.0,
          "retained_pct": 102.0
        }
      }
    }
  },
  "E8": [
    {
      "test": "2nd_test",
      "condition": "accel_full",
      "featureset": "dimensionless",
      "domain": "acceleration",
      "fs_hz": 48000.0,
      "alarm_h": 89.5,
      "failure_h": 163.5,
      "lead_h": 74.0,
      "lead_pct": 45.3,
      "n": 982
    },
    {
      "test": "2nd_test",
      "condition": "accel_full",
      "featureset": "dimensionless_plus_amplitude",
      "domain": "acceleration",
      "fs_hz": 48000.0,
      "alarm_h": 88.83,
      "failure_h": 163.5,
      "lead_h": 74.67,
      "lead_pct": 45.7,
      "n": 982
    },
    {
      "test": "2nd_test",
      "condition": "disp_full_48kHz",
      "featureset": "dimensionless",
      "domain": "displacement",
      "fs_hz": 48000.0,
      "alarm_h": NaN,
      "failure_h": 163.5,
      "lead_h": NaN,
      "lead_pct": NaN,
      "n": 982
    },
    {
      "test": "2nd_test",
      "condition": "disp_full_48kHz",
      "featureset": "dimensionless_plus_amplitude",
      "domain": "displacement",
      "fs_hz": 48000.0,
      "alarm_h": 161.33,
      "failure_h": 163.5,
      "lead_h": 2.17,
      "lead_pct": 1.3,
      "n": 982
    },
    {
      "test": "2nd_test",
      "condition": "disp_240Hz_ideal",
      "featureset": "dimensionless",
      "domain": "displacement",
      "fs_hz": 240.0,
      "alarm_h": NaN,
      "failure_h": 163.5,
      "lead_h": NaN,
      "lead_pct": NaN,
      "n": 982
    },
    {
      "test": "2nd_test",
      "condition": "disp_240Hz_ideal",
      "featureset": "dimensionless_plus_amplitude",
      "domain": "displacement",
      "fs_hz": 240.0,
      "alarm_h": 161.33,
      "failure_h": 163.5,
      "lead_h": 2.17,
      "lead_pct": 1.3,
      "n": 982
    },
    {
      "test": "2nd_test",
      "condition": "disp_240Hz_boxcar",
      "featureset": "dimensionless",
      "domain": "displacement",
      "fs_hz": 240.0,
      "alarm_h": NaN,
      "failure_h": 163.5,
      "lead_h": NaN,
      "lead_pct": NaN,
      "n": 982
    },
    {
      "test": "2nd_test",
      "condition": "disp_240Hz_boxcar",
      "featureset": "dimensionless_plus_amplitude",
      "domain": "displacement",
      "fs_hz": 240.0,
      "alarm_h": 161.33,
      "failure_h": 163.5,
      "lead_h": 2.17,
      "lead_pct": 1.3,
      "n": 982
    },
    {
      "test": "2nd_test",
      "condition": "disp_240Hz_naive",
      "featureset": "dimensionless",
      "domain": "displacement",
      "fs_hz": 240.0,
      "alarm_h": NaN,
      "failure_h": 163.5,
      "lead_h": NaN,
      "lead_pct": NaN,
      "n": 982
    },
    {
      "test": "2nd_test",
      "condition": "disp_240Hz_naive",
      "featureset": "dimensionless_plus_amplitude",
      "domain": "displacement",
      "fs_hz": 240.0,
      "alarm_h": 161.33,
      "failure_h": 163.5,
      "lead_h": 2.17,
      "lead_pct": 1.3,
      "n": 982
    },
    {
      "test": "3rd_test",
      "condition": "accel_full",
      "featureset": "dimensionless",
      "domain": "acceleration",
      "fs_hz": 48000.0,
      "alarm_h": 1023.42,
      "failure_h": 1073.09,
      "lead_h": 49.67,
      "lead_pct": 4.6,
      "n": 3162
    },
    {
      "test": "3rd_test",
      "condition": "accel_full",
      "featureset": "dimensionless_plus_amplitude",
      "domain": "acceleration",
      "fs_hz": 48000.0,
      "alarm_h": 1014.09,
      "failure_h": 1073.09,
      "lead_h": 59.0,
      "lead_pct": 5.5,
      "n": 3162
    },
    {
      "test": "3rd_test",
      "condition": "disp_full_48kHz",
      "featureset": "dimensionless",
      "domain": "displacement",
      "fs_hz": 48000.0,
      "alarm_h": NaN,
      "failure_h": 1073.09,
      "lead_h": NaN,
      "lead_pct": NaN,
      "n": 3162
    },
    {
      "test": "3rd_test",
      "condition": "disp_full_48kHz",
      "featureset": "dimensionless_plus_amplitude",
      "domain": "displacement",
      "fs_hz": 48000.0,
      "alarm_h": 1070.09,
      "failure_h": 1073.09,
      "lead_h": 3.0,
      "lead_pct": 0.3,
      "n": 3162
    },
    {
      "test": "3rd_test",
      "condition": "disp_240Hz_ideal",
      "featureset": "dimensionless",
      "domain": "displacement",
      "fs_hz": 240.0,
      "alarm_h": NaN,
      "failure_h": 1073.09,
      "lead_h": NaN,
      "lead_pct": NaN,
      "n": 3162
    },
    {
      "test": "3rd_test",
      "condition": "disp_240Hz_ideal",
      "featureset": "dimensionless_plus_amplitude",
      "domain": "displacement",
      "fs_hz": 240.0,
      "alarm_h": 1064.75,
      "failure_h": 1073.09,
      "lead_h": 8.33,
      "lead_pct": 0.8,
      "n": 3162
    },
    {
      "test": "3rd_test",
      "condition": "disp_240Hz_boxcar",
      "featureset": "dimensionless",
      "domain": "displacement",
      "fs_hz": 240.0,
      "alarm_h": NaN,
      "failure_h": 1073.09,
      "lead_h": NaN,
      "lead_pct": NaN,
      "n": 3162
    },
    {
      "test": "3rd_test",
      "condition": "disp_240Hz_boxcar",
      "featureset": "dimensionless_plus_amplitude",
      "domain": "displacement",
      "fs_hz": 240.0,
      "alarm_h": 1068.09,
      "failure_h": 1073.09,
      "lead_h": 5.0,
      "lead_pct": 0.5,
      "n": 3162
    },
    {
      "test": "3rd_test",
      "condition": "disp_240Hz_naive",
      "featureset": "dimensionless",
      "domain": "displacement",
      "fs_hz": 240.0,
      "alarm_h": NaN,
      "failure_h": 1073.09,
      "lead_h": NaN,
      "lead_pct": NaN,
      "n": 3162
    },
    {
      "test": "3rd_test",
      "condition": "disp_240Hz_naive",
      "featureset": "dimensionless_plus_amplitude",
      "domain": "displacement",
      "fs_hz": 240.0,
      "alarm_h": 1068.42,
      "failure_h": 1073.09,
      "lead_h": 4.67,
      "lead_pct": 0.4,
      "n": 3162
    }
  ],
  "scale": {
    "pixels_per_meter": 2900.0,
    "px_for_50um": 0.145,
    "px_for_10um": 0.029,
    "um_per_px": 344.83
  }
}

wrote C:\Users\more_\Downloads\Arise\research\results\summary.json
---- finished summary

ALL REMAINING EXPERIMENTS COMPLETE
2026-08-20T08:20:26+07:00
